[0;36m==> [1;36mNotice:[m Build may be slow as Theos isn’t using all available CPU cores on this computer. Consider upgrading GNU Make: https://theos.dev/docs/parallel-building
[1;31m> [1;3;39mMaking all in MsgVideoPrefs…[m
[0;36m==> [1;36mNotice:[m Build may be slow as Theos isn’t using all available CPU cores on this computer. Consider upgrading GNU Make: https://theos.dev/docs/parallel-building
[1;31m> [1;3;39mMaking all for bundle MsgVideoPrefs…[m
[0;32m==> [1;39mCompiling MsgVideoPrefsListController.m (arm64)…[m
[0;32m==> [1;39mCompiling MsgVideoMaterialCell.m (arm64)…[m
[0;33m==> [1;39mLinking bundle MsgVideoPrefs (arm64)…[m
ld: warning: -multiply_defined is obsolete
[0;34m==> [1;39mGenerating debug symbols for MsgVideoPrefs…[m
[0;34m==> [1;39mStripping MsgVideoPrefs (arm64)…[m
[0;32m==> [1;39mCompiling MsgVideoPrefsListController.m (arm64e)…[m
[0;32m==> [1;39mCompiling MsgVideoMaterialCell.m (arm64e)…[m
[0;33m==> [1;39mLinking bundle MsgVideoPrefs (arm64e)…[m
ld: warning: -multiply_defined is obsolete
[0;34m==> [1;39mGenerating debug symbols for MsgVideoPrefs…[m
[0;34m==> [1;39mStripping MsgVideoPrefs (arm64e)…[m
[0;34m==> [1;39mMerging bundle MsgVideoPrefs…[m
[0;34m==> [1;39mSigning MsgVideoPrefs…[m
[1;31m> [1;3;39mMaking all for tweak MsgVideo…[m
[0;31m==> [1;39mPreprocessing Tweak.x…[m
[0;32m==> [1;39mCompiling Tweak.x (arm64)…[m
[1mTweak.x:477:27: [0m[0;1;31merror: [0m[1mcall to undeclared function '_mvProcRunning'; ISO C99 and later do not support implicit function declarations [-Wimplicit-function-declaration][0m
  477 |                 BOOL ms = _mvProcRunning("MobileSMS");[0m
      | [0;1;32m                          ^
[0m[1mTweak.x:601:13: [0m[0;1;31merror: [0m[1mstatic declaration of '_mvProcRunning' follows non-static declaration[0m
  601 | static BOOL _mvProcRunning(const char *substr) {[0m
      | [0;1;32m            ^
[0m[1mTweak.x:477:27: [0m[0;1;36mnote: [0mprevious implicit declaration is here[0m
  477 |                 BOOL ms = _mvProcRunning("MobileSMS");[0m
      | [0;1;32m                          ^
[0m2 errors generated.
make[3]: *** [/Users/runner/work/repo/repo/src/msgvideo/.theos/obj/arm64/Tweak.x.c2c29184.o] Error 1
rm /Users/runner/work/repo/repo/src/msgvideo/.theos/obj/arm64/Tweak.x.m
make[2]: *** [/Users/runner/work/repo/repo/src/msgvideo/.theos/obj/arm64/MsgVideo.dylib] Error 2
make[1]: *** [internal-library-all_] Error 2
make: *** [MsgVideo.all.tweak.variables] Error 2
