########## 诊断信息 ##########
=== swiftc 版本（系统 xcrun）===
swift-driver version: 1.148.6 Apple Swift version 6.3.3 (swiftlang-6.3.3.1.3 clang-2100.1.1.101)
Target: arm64-apple-macosx26.0
=== swiftc 版本（THEOS 默认）===
swift-driver version: 1.148.6 Apple Swift version 6.3.3 (swiftlang-6.3.3.1.3 clang-2100.1.1.101)
Target: arm64-apple-macosx26.0
=== SDK 路径: /Users/runner/theos/sdks/iPhoneOS.sdk ===
ls: /Users/runner/theos/sdks/iPhoneOS.sdk/usr/lib/swift: No such file or directory
--- 查找 _Concurrency / _StringProcessing 模块 ---
--- _Concurrency.swiftmodule 内容（看是 .swiftmodule 还是 .swiftinterface）---
ls: /Users/runner/theos/sdks/iPhoneOS.sdk/usr/lib/swift/_Concurrency.swiftmodule: No such file or directory
=== THEOS vendor/swift-support ===
total 40
drwxr-xr-x  10 runner  staff   320 Sep 27 19:04 .
drwxr-xr-x  11 runner  staff   352 Sep 27 19:04 ..
-rw-r--r--   1 runner  staff    48 Sep 27 19:04 .git
-rw-r--r--   1 runner  staff    87 Sep 27 19:04 .gitignore
drwxr-xr-x   3 runner  staff    96 Sep 27 19:04 .swiftpm
-rw-r--r--   1 runner  staff  1062 Sep 27 19:04 LICENSE.md
-rw-r--r--   1 runner  staff   623 Sep 27 19:04 Package.swift
-rw-r--r--   1 runner  staff    81 Sep 27 19:04 README.md
drwxr-xr-x   4 runner  staff   128 Sep 27 19:04 Sources
drwxr-xr-x   4 runner  staff   128 Sep 27 19:04 Tests
########## 诊断信息结束 ##########

########## 正式构建 ##########
[0;36m==> [1;39mCleaning…[m
[0;36m==> [1;36mNotice:[m Build may be slow as Theos isn’t using all available CPU cores on this computer. Consider upgrading GNU Make: https://theos.dev/docs/parallel-building
[1;31m> [1;3;39mMaking all for tweak ReturnKeyColor…[m
[0;34m==> [1;39mBuilding Swift support tools…[m
Building for production...
[0/7] Write sources
[2/7] Write swift-version-7974D3F7F03D5E95.txt
[4/9] Compiling FileMapGenerator main.swift
[4/9] Write Objects.LinkFileList
[5/9] Linking generate-output-file-map
[7/9] Compiling SwiftcOutputParser FileLock.swift
[7/9] Write Objects.LinkFileList
[8/9] Linking parse-swiftc-output
Build complete! (8.49s)
[0;32m==> [1;39mCompiling Tweak.swift (arm64)…[m
<unknown>:0: [1;33mwarning: [1;39munable to perform implicit import of "_Concurrency" module: no such module found[0;0m
<unknown>:0: [1;34mremark: [1;39munable to perform implicit import of "_StringProcessing" module: no such module found[0;0m
Tweak.swift:304:15: [1;33mwarning: [1;39muse '#selector' instead of explicitly constructing a 'Selector'[0;0m
[0;36m302 |[0;0m // MARK: - 各入口 hook
[0;36m303 |[0;0m func rkHookDisplayLayer(cls: AnyClass) {
[0;36m304 |[0;0m     let sel = Selector(("displayLayer:"))
    [0;36m|[0;0m               `- [1;33mwarning: [1;39muse '#selector' instead of explicitly constructing a 'Selector'[0;0m
[0;36m305 |[0;0m     let imp = rkSwizzle(cls: cls, sel: sel, block: { (me: AnyObject, layer: CALayer) in
[0;36m306 |[0;0m         gOrigDisplayLayer?(me, sel, layer)

Tweak.swift:317:15: [1;33mwarning: [1;39muse '#selector' instead of explicitly constructing a 'Selector'[0;0m
[0;36m315 |[0;0m 
[0;36m316 |[0;0m func rkHookDrawLayer(cls: AnyClass) {
[0;36m317 |[0;0m     let sel = Selector(("drawLayer:inContext:"))
    [0;36m|[0;0m               `- [1;33mwarning: [1;39muse '#selector' instead of explicitly constructing a 'Selector'[0;0m
[0;36m318 |[0;0m     let imp = rkSwizzle(cls: cls, sel: sel, block: { (me: AnyObject, layer: CALayer, ctx: CGContext?) in
[0;36m319 |[0;0m         gCurReturnKey = me

Tweak.swift:357:15: [1;33mwarning: [1;39muse '#selector' instead of explicitly constructing a 'Selector'[0;0m
[0;36m355 |[0;0m 
[0;36m356 |[0;0m func rkHookDrawInContext(cls: AnyClass) {
[0;36m357 |[0;0m     let sel = Selector(("drawInContext:"))
    [0;36m|[0;0m               `- [1;33mwarning: [1;39muse '#selector' instead of explicitly constructing a 'Selector'[0;0m
[0;36m358 |[0;0m     let imp = rkSwizzle(cls: cls, sel: sel, block: { (me: AnyObject, ctx: CGContext?) in
[0;36m359 |[0;0m         gOrigLayerDrawCtx?(me, sel, ctx)

Tweak.swift:383:52: [1;33mwarning: [1;39mconditional downcast from 'AnyClass?' (aka 'Optional<any AnyObject.Type>') to 'AnyClass' (aka 'any AnyObject.Type') does nothing[0;0m
[0;36m381 |[0;0m     gLayerHooksReady = true
[0;36m382 |[0;0m     guard rkEnabled() else { return }
[0;36m383 |[0;0m     gKeyViewCls = [4;39mNSClassFromString("UIKBKeyView")[0;0m as? [4;39mAnyClass[0;0m
    [0;36m|[0;0m                                                    `- [1;33mwarning: [1;39mconditional downcast from 'AnyClass?' (aka 'Optional<any AnyObject.Type>') to 'AnyClass' (aka 'any AnyObject.Type') does nothing[0;0m
[0;36m384 |[0;0m     var count: UInt32 = 0
[0;36m385 |[0;0m     let list = objc_copyClassList(&count)

Tweak.swift:390:13: [1;33mwarning: [1;39mconstant 'c' inferred to have type 'AnyClass' (aka 'any AnyObject.Type'), which may be unexpected[0;0m
[0;36m388 |[0;0m     let layerCls = CALayer.self
[0;36m389 |[0;0m     for i in 0..<Int(count) {
[0;36m390 |[0;0m         let c = ptr[i]
    [0;36m|[0;0m             |- [1;33mwarning: [1;39mconstant 'c' inferred to have type 'AnyClass' (aka 'any AnyObject.Type'), which may be unexpected[0;0m
    [0;36m|[0;0m             `- [1;39mnote: [1;39madd an explicit type annotation to silence this warning[0;0m
[0;36m391 |[0;0m         let nm = String(cString: class_getName(c))
[0;36m392 |[0;0m         if !(nm.contains("KeyView") || nm.contains("KBKey")) { continue }

Tweak.swift:398:10: [1;33mwarning: [1;39m'unsafeBitCast' from 'AutoreleasingUnsafeMutablePointer<AnyClass>' (aka 'AutoreleasingUnsafeMutablePointer<any AnyObject.Type>') to 'UnsafeMutableRawPointer' can be replaced with 'UnsafeMutableRawPointer' initializer[0;0m
[0;36m396 |[0;0m         rkHookDrawInContext(cls: c)
[0;36m397 |[0;0m     }
[0;36m398 |[0;0m     free(unsafeBitCast(ptr, to: UnsafeMutableRawPointer.self))
    [0;36m|[0;0m          `- [1;33mwarning: [1;39m'unsafeBitCast' from 'AutoreleasingUnsafeMutablePointer<AnyClass>' (aka 'AutoreleasingUnsafeMutablePointer<any AnyObject.Type>') to 'UnsafeMutableRawPointer' can be replaced with 'UnsafeMutableRawPointer' initializer[0;0m
[0;36m399 |[0;0m }
[0;36m400 |[0;0m 

Please submit a bug report (https://swift.org/contributing/#reporting-bugs) and include the crash backtrace.

error: compile command failed due to signal 11 (use -v to see invocation)
make[4]: *** [internal-swift-ReturnKeyColor-arm64] Error 1
make[3]: *** [/Users/runner/work/repo/repo/src/returnkeycolor/.theos/obj/arm64/.swift-stamp] Error 2
make[2]: *** [/Users/runner/work/repo/repo/src/returnkeycolor/.theos/obj/arm64/ReturnKeyColor.dylib] Error 2
make[1]: *** [internal-library-all_] Error 2
make: *** [ReturnKeyColor.all.tweak.variables] Error 2
